---
source: full-moon/tests/pass_cases.rs
expression: ast.nodes()

---
stmts:
  - - TypeDeclaration:
        type_token:
          leading_trivia: []
          token:
            start_position:
              bytes: 0
              line: 1
              character: 1
            end_position:
              bytes: 4
              line: 1
              character: 5
            token_type:
              type: Identifier
              identifier: type
          trailing_trivia:
            - start_position:
                bytes: 4
                line: 1
                character: 5
              end_position:
                bytes: 5
                line: 1
                character: 6
              token_type:
                type: Whitespace
                characters: " "
        base:
          leading_trivia: []
          token:
            start_position:
              bytes: 5
              line: 1
              character: 6
            end_position:
              bytes: 8
              line: 1
              character: 9
            token_type:
              type: Identifier
              identifier: Foo
          trailing_trivia:
            - start_position:
                bytes: 8
                line: 1
                character: 9
              end_position:
                bytes: 9
                line: 1
                character: 10
              token_type:
                type: Whitespace
                characters: " "
        generics: ~
        equal_token:
          leading_trivia: []
          token:
            start_position:
              bytes: 9
              line: 1
              character: 10
            end_position:
              bytes: 10
              line: 1
              character: 11
            token_type:
              type: Symbol
              symbol: "="
          trailing_trivia:
            - start_position:
                bytes: 10
                line: 1
                character: 11
              end_position:
                bytes: 11
                line: 1
                character: 12
              token_type:
                type: Whitespace
                characters: " "
        declare_as:
          Callback:
            parentheses:
              tokens:
                - leading_trivia: []
                  token:
                    start_position:
                      bytes: 11
                      line: 1
                      character: 12
                    end_position:
                      bytes: 12
                      line: 1
                      character: 13
                    token_type:
                      type: Symbol
                      symbol: (
                  trailing_trivia: []
                - leading_trivia: []
                  token:
                    start_position:
                      bytes: 21
                      line: 1
                      character: 22
                    end_position:
                      bytes: 22
                      line: 1
                      character: 23
                    token_type:
                      type: Symbol
                      symbol: )
                  trailing_trivia:
                    - start_position:
                        bytes: 22
                        line: 1
                        character: 23
                      end_position:
                        bytes: 23
                        line: 1
                        character: 24
                      token_type:
                        type: Whitespace
                        characters: " "
            arguments:
              pairs:
                - End:
                    Variadic:
                      ellipse:
                        leading_trivia: []
                        token:
                          start_position:
                            bytes: 12
                            line: 1
                            character: 13
                          end_position:
                            bytes: 15
                            line: 1
                            character: 16
                          token_type:
                            type: Symbol
                            symbol: "..."
                        trailing_trivia: []
                      type_info:
                        Basic:
                          leading_trivia: []
                          token:
                            start_position:
                              bytes: 15
                              line: 1
                              character: 16
                            end_position:
                              bytes: 21
                              line: 1
                              character: 22
                            token_type:
                              type: Identifier
                              identifier: number
                          trailing_trivia: []
            arrow:
              leading_trivia: []
              token:
                start_position:
                  bytes: 23
                  line: 1
                  character: 24
                end_position:
                  bytes: 25
                  line: 1
                  character: 26
                token_type:
                  type: Symbol
                  symbol: "->"
              trailing_trivia:
                - start_position:
                    bytes: 25
                    line: 1
                    character: 26
                  end_position:
                    bytes: 26
                    line: 1
                    character: 27
                  token_type:
                    type: Whitespace
                    characters: " "
            return_type:
              Tuple:
                parentheses:
                  tokens:
                    - leading_trivia: []
                      token:
                        start_position:
                          bytes: 26
                          line: 1
                          character: 27
                        end_position:
                          bytes: 27
                          line: 1
                          character: 28
                        token_type:
                          type: Symbol
                          symbol: (
                      trailing_trivia: []
                    - leading_trivia: []
                      token:
                        start_position:
                          bytes: 27
                          line: 1
                          character: 28
                        end_position:
                          bytes: 28
                          line: 1
                          character: 29
                        token_type:
                          type: Symbol
                          symbol: )
                      trailing_trivia:
                        - start_position:
                            bytes: 28
                            line: 1
                            character: 29
                          end_position:
                            bytes: 29
                            line: 1
                            character: 29
                          token_type:
                            type: Whitespace
                            characters: "\n"
                types:
                  pairs: []
    - ~
  - - FunctionDeclaration:
        function_token:
          leading_trivia:
            - start_position:
                bytes: 29
                line: 2
                character: 1
              end_position:
                bytes: 30
                line: 2
                character: 1
              token_type:
                type: Whitespace
                characters: "\n"
          token:
            start_position:
              bytes: 30
              line: 3
              character: 1
            end_position:
              bytes: 38
              line: 3
              character: 9
            token_type:
              type: Symbol
              symbol: function
          trailing_trivia:
            - start_position:
                bytes: 38
                line: 3
                character: 9
              end_position:
                bytes: 39
                line: 3
                character: 10
              token_type:
                type: Whitespace
                characters: " "
        name:
          names:
            pairs:
              - End:
                  leading_trivia: []
                  token:
                    start_position:
                      bytes: 39
                      line: 3
                      character: 10
                    end_position:
                      bytes: 42
                      line: 3
                      character: 13
                    token_type:
                      type: Identifier
                      identifier: bar
                  trailing_trivia: []
          colon_name: ~
        body:
          parameters_parentheses:
            tokens:
              - leading_trivia: []
                token:
                  start_position:
                    bytes: 42
                    line: 3
                    character: 13
                  end_position:
                    bytes: 43
                    line: 3
                    character: 14
                  token_type:
                    type: Symbol
                    symbol: (
                trailing_trivia: []
              - leading_trivia: []
                token:
                  start_position:
                    bytes: 54
                    line: 3
                    character: 25
                  end_position:
                    bytes: 55
                    line: 3
                    character: 26
                  token_type:
                    type: Symbol
                    symbol: )
                trailing_trivia:
                  - start_position:
                      bytes: 55
                      line: 3
                      character: 26
                    end_position:
                      bytes: 56
                      line: 3
                      character: 26
                    token_type:
                      type: Whitespace
                      characters: "\n"
          parameters:
            pairs:
              - End:
                  Ellipse:
                    leading_trivia: []
                    token:
                      start_position:
                        bytes: 43
                        line: 3
                        character: 14
                      end_position:
                        bytes: 46
                        line: 3
                        character: 17
                      token_type:
                        type: Symbol
                        symbol: "..."
                    trailing_trivia: []
          type_specifiers:
            - punctuation:
                leading_trivia: []
                token:
                  start_position:
                    bytes: 46
                    line: 3
                    character: 17
                  end_position:
                    bytes: 47
                    line: 3
                    character: 18
                  token_type:
                    type: Symbol
                    symbol: ":"
                trailing_trivia:
                  - start_position:
                      bytes: 47
                      line: 3
                      character: 18
                    end_position:
                      bytes: 48
                      line: 3
                      character: 19
                    token_type:
                      type: Whitespace
                      characters: " "
              type_info:
                Basic:
                  leading_trivia: []
                  token:
                    start_position:
                      bytes: 48
                      line: 3
                      character: 19
                    end_position:
                      bytes: 54
                      line: 3
                      character: 25
                    token_type:
                      type: Identifier
                      identifier: number
                  trailing_trivia: []
          block:
            stmts: []
          end_token:
            leading_trivia: []
            token:
              start_position:
                bytes: 56
                line: 4
                character: 1
              end_position:
                bytes: 59
                line: 4
                character: 4
              token_type:
                type: Symbol
                symbol: end
            trailing_trivia: []
    - ~

