---
source: full-moon/tests/pass_cases.rs
expression: tokens

---
- start_position:
    bytes: 0
    line: 1
    character: 1
  end_position:
    bytes: 4
    line: 1
    character: 5
  token_type:
    type: Identifier
    identifier: type
- start_position:
    bytes: 4
    line: 1
    character: 5
  end_position:
    bytes: 5
    line: 1
    character: 6
  token_type:
    type: Whitespace
    characters: " "
- start_position:
    bytes: 5
    line: 1
    character: 6
  end_position:
    bytes: 8
    line: 1
    character: 9
  token_type:
    type: Identifier
    identifier: Foo
- start_position:
    bytes: 8
    line: 1
    character: 9
  end_position:
    bytes: 9
    line: 1
    character: 10
  token_type:
    type: Whitespace
    characters: " "
- start_position:
    bytes: 9
    line: 1
    character: 10
  end_position:
    bytes: 10
    line: 1
    character: 11
  token_type:
    type: Symbol
    symbol: "="
- start_position:
    bytes: 10
    line: 1
    character: 11
  end_position:
    bytes: 11
    line: 1
    character: 12
  token_type:
    type: Whitespace
    characters: " "
- start_position:
    bytes: 11
    line: 1
    character: 12
  end_position:
    bytes: 12
    line: 1
    character: 13
  token_type:
    type: Symbol
    symbol: (
- start_position:
    bytes: 12
    line: 1
    character: 13
  end_position:
    bytes: 15
    line: 1
    character: 16
  token_type:
    type: Symbol
    symbol: "..."
- start_position:
    bytes: 15
    line: 1
    character: 16
  end_position:
    bytes: 21
    line: 1
    character: 22
  token_type:
    type: Identifier
    identifier: number
- start_position:
    bytes: 21
    line: 1
    character: 22
  end_position:
    bytes: 22
    line: 1
    character: 23
  token_type:
    type: Symbol
    symbol: )
- start_position:
    bytes: 22
    line: 1
    character: 23
  end_position:
    bytes: 23
    line: 1
    character: 24
  token_type:
    type: Whitespace
    characters: " "
- start_position:
    bytes: 23
    line: 1
    character: 24
  end_position:
    bytes: 25
    line: 1
    character: 26
  token_type:
    type: Symbol
    symbol: "->"
- start_position:
    bytes: 25
    line: 1
    character: 26
  end_position:
    bytes: 26
    line: 1
    character: 27
  token_type:
    type: Whitespace
    characters: " "
- start_position:
    bytes: 26
    line: 1
    character: 27
  end_position:
    bytes: 27
    line: 1
    character: 28
  token_type:
    type: Symbol
    symbol: (
- start_position:
    bytes: 27
    line: 1
    character: 28
  end_position:
    bytes: 28
    line: 1
    character: 29
  token_type:
    type: Symbol
    symbol: )
- start_position:
    bytes: 28
    line: 1
    character: 29
  end_position:
    bytes: 29
    line: 1
    character: 29
  token_type:
    type: Whitespace
    characters: "\n"
- start_position:
    bytes: 29
    line: 2
    character: 1
  end_position:
    bytes: 30
    line: 2
    character: 1
  token_type:
    type: Whitespace
    characters: "\n"
- start_position:
    bytes: 30
    line: 3
    character: 1
  end_position:
    bytes: 38
    line: 3
    character: 9
  token_type:
    type: Symbol
    symbol: function
- start_position:
    bytes: 38
    line: 3
    character: 9
  end_position:
    bytes: 39
    line: 3
    character: 10
  token_type:
    type: Whitespace
    characters: " "
- start_position:
    bytes: 39
    line: 3
    character: 10
  end_position:
    bytes: 42
    line: 3
    character: 13
  token_type:
    type: Identifier
    identifier: bar
- start_position:
    bytes: 42
    line: 3
    character: 13
  end_position:
    bytes: 43
    line: 3
    character: 14
  token_type:
    type: Symbol
    symbol: (
- start_position:
    bytes: 43
    line: 3
    character: 14
  end_position:
    bytes: 46
    line: 3
    character: 17
  token_type:
    type: Symbol
    symbol: "..."
- start_position:
    bytes: 46
    line: 3
    character: 17
  end_position:
    bytes: 47
    line: 3
    character: 18
  token_type:
    type: Symbol
    symbol: ":"
- start_position:
    bytes: 47
    line: 3
    character: 18
  end_position:
    bytes: 48
    line: 3
    character: 19
  token_type:
    type: Whitespace
    characters: " "
- start_position:
    bytes: 48
    line: 3
    character: 19
  end_position:
    bytes: 54
    line: 3
    character: 25
  token_type:
    type: Identifier
    identifier: number
- start_position:
    bytes: 54
    line: 3
    character: 25
  end_position:
    bytes: 55
    line: 3
    character: 26
  token_type:
    type: Symbol
    symbol: )
- start_position:
    bytes: 55
    line: 3
    character: 26
  end_position:
    bytes: 56
    line: 3
    character: 27
  token_type:
    type: Symbol
    symbol: ":"
- start_position:
    bytes: 56
    line: 3
    character: 27
  end_position:
    bytes: 57
    line: 3
    character: 28
  token_type:
    type: Whitespace
    characters: " "
- start_position:
    bytes: 57
    line: 3
    character: 28
  end_position:
    bytes: 60
    line: 3
    character: 31
  token_type:
    type: Symbol
    symbol: "..."
- start_position:
    bytes: 60
    line: 3
    character: 31
  end_position:
    bytes: 66
    line: 3
    character: 37
  token_type:
    type: Identifier
    identifier: number
- start_position:
    bytes: 66
    line: 3
    character: 37
  end_position:
    bytes: 67
    line: 3
    character: 38
  token_type:
    type: Whitespace
    characters: " "
- start_position:
    bytes: 67
    line: 3
    character: 38
  end_position:
    bytes: 68
    line: 3
    character: 39
  token_type:
    type: Symbol
    symbol: "|"
- start_position:
    bytes: 68
    line: 3
    character: 39
  end_position:
    bytes: 69
    line: 3
    character: 40
  token_type:
    type: Whitespace
    characters: " "
- start_position:
    bytes: 69
    line: 3
    character: 40
  end_position:
    bytes: 75
    line: 3
    character: 46
  token_type:
    type: Identifier
    identifier: string
- start_position:
    bytes: 75
    line: 3
    character: 46
  end_position:
    bytes: 76
    line: 3
    character: 46
  token_type:
    type: Whitespace
    characters: "\n"
- start_position:
    bytes: 76
    line: 4
    character: 1
  end_position:
    bytes: 79
    line: 4
    character: 4
  token_type:
    type: Symbol
    symbol: end
- start_position:
    bytes: 79
    line: 4
    character: 4
  end_position:
    bytes: 79
    line: 4
    character: 4
  token_type:
    type: Eof

