---
source: full-moon/tests/pass_cases.rs
expression: tokens

---
- start_position:
    bytes: 0
    line: 1
    character: 1
  end_position:
    bytes: 8
    line: 1
    character: 9
  token_type:
    type: Symbol
    symbol: function
- start_position:
    bytes: 8
    line: 1
    character: 9
  end_position:
    bytes: 9
    line: 1
    character: 10
  token_type:
    type: Whitespace
    characters: " "
- start_position:
    bytes: 9
    line: 1
    character: 10
  end_position:
    bytes: 12
    line: 1
    character: 13
  token_type:
    type: Identifier
    identifier: foo
- start_position:
    bytes: 12
    line: 1
    character: 13
  end_position:
    bytes: 13
    line: 1
    character: 14
  token_type:
    type: Symbol
    symbol: "<"
- start_position:
    bytes: 13
    line: 1
    character: 14
  end_position:
    bytes: 14
    line: 1
    character: 15
  token_type:
    type: Identifier
    identifier: x
- start_position:
    bytes: 14
    line: 1
    character: 15
  end_position:
    bytes: 15
    line: 1
    character: 16
  token_type:
    type: Symbol
    symbol: ","
- start_position:
    bytes: 15
    line: 1
    character: 16
  end_position:
    bytes: 16
    line: 1
    character: 17
  token_type:
    type: Whitespace
    characters: " "
- start_position:
    bytes: 16
    line: 1
    character: 17
  end_position:
    bytes: 17
    line: 1
    character: 18
  token_type:
    type: Identifier
    identifier: y
- start_position:
    bytes: 17
    line: 1
    character: 18
  end_position:
    bytes: 18
    line: 1
    character: 19
  token_type:
    type: Symbol
    symbol: ">"
- start_position:
    bytes: 18
    line: 1
    character: 19
  end_position:
    bytes: 19
    line: 1
    character: 20
  token_type:
    type: Symbol
    symbol: (
- start_position:
    bytes: 19
    line: 1
    character: 20
  end_position:
    bytes: 20
    line: 1
    character: 21
  token_type:
    type: Symbol
    symbol: )
- start_position:
    bytes: 20
    line: 1
    character: 21
  end_position:
    bytes: 21
    line: 1
    character: 21
  token_type:
    type: Whitespace
    characters: "\n"
- start_position:
    bytes: 21
    line: 2
    character: 1
  end_position:
    bytes: 24
    line: 2
    character: 4
  token_type:
    type: Symbol
    symbol: end
- start_position:
    bytes: 24
    line: 2
    character: 4
  end_position:
    bytes: 25
    line: 2
    character: 4
  token_type:
    type: Whitespace
    characters: "\n"
- start_position:
    bytes: 25
    line: 3
    character: 1
  end_position:
    bytes: 26
    line: 3
    character: 1
  token_type:
    type: Whitespace
    characters: "\n"
- start_position:
    bytes: 26
    line: 4
    character: 1
  end_position:
    bytes: 31
    line: 4
    character: 6
  token_type:
    type: Symbol
    symbol: local
- start_position:
    bytes: 31
    line: 4
    character: 6
  end_position:
    bytes: 32
    line: 4
    character: 7
  token_type:
    type: Whitespace
    characters: " "
- start_position:
    bytes: 32
    line: 4
    character: 7
  end_position:
    bytes: 40
    line: 4
    character: 15
  token_type:
    type: Symbol
    symbol: function
- start_position:
    bytes: 40
    line: 4
    character: 15
  end_position:
    bytes: 41
    line: 4
    character: 16
  token_type:
    type: Whitespace
    characters: " "
- start_position:
    bytes: 41
    line: 4
    character: 16
  end_position:
    bytes: 44
    line: 4
    character: 19
  token_type:
    type: Identifier
    identifier: bar
- start_position:
    bytes: 44
    line: 4
    character: 19
  end_position:
    bytes: 45
    line: 4
    character: 20
  token_type:
    type: Symbol
    symbol: "<"
- start_position:
    bytes: 45
    line: 4
    character: 20
  end_position:
    bytes: 46
    line: 4
    character: 21
  token_type:
    type: Identifier
    identifier: x
- start_position:
    bytes: 46
    line: 4
    character: 21
  end_position:
    bytes: 47
    line: 4
    character: 22
  token_type:
    type: Symbol
    symbol: ">"
- start_position:
    bytes: 47
    line: 4
    character: 22
  end_position:
    bytes: 48
    line: 4
    character: 23
  token_type:
    type: Symbol
    symbol: (
- start_position:
    bytes: 48
    line: 4
    character: 23
  end_position:
    bytes: 49
    line: 4
    character: 24
  token_type:
    type: Symbol
    symbol: )
- start_position:
    bytes: 49
    line: 4
    character: 24
  end_position:
    bytes: 50
    line: 4
    character: 24
  token_type:
    type: Whitespace
    characters: "\n"
- start_position:
    bytes: 50
    line: 5
    character: 1
  end_position:
    bytes: 53
    line: 5
    character: 4
  token_type:
    type: Symbol
    symbol: end
- start_position:
    bytes: 53
    line: 5
    character: 4
  end_position:
    bytes: 53
    line: 5
    character: 4
  token_type:
    type: Eof

