---
source: full-moon/tests/fail_cases.rs
expression: error

---
UnexpectedToken:
  token:
    start_position:
      bytes: 26
      line: 1
      character: 27
    end_position:
      bytes: 27
      line: 1
      character: 28
    token_type:
      type: Symbol
      symbol: ","
  additional: tuples are only permitted as a return type

